test_files/data8.input: Non-ISO extended-ASCII text
