test_files/data12.input: ISO-8859 text, with no line terminators
